// Vitest Snapshot v1, https://vitest.dev/guide/snapshot.html

exports[`default statblock to be equal to snapshot 1`] = `
{
  "ability_scores": {
    "charisma": 10,
    "constitution": 10,
    "dexterity": 10,
    "intelligence": 10,
    "prof_bonus": 2,
    "strength": 10,
    "wisdom": 10,
  },
  "ac": 10,
  "actions": [],
  "alignment": "Unaligned",
  "armortype": "natural armor",
  "bonus_actions": [],
  "condition_immune": [],
  "cr": "0",
  "hitdice": "1d6 + 0",
  "hp": 3,
  "image_url": "",
  "immunities": [],
  "la_per_round": 3,
  "lair": [],
  "languages": [],
  "legactions": [],
  "mythic": [],
  "name": "New Creature",
  "passiveperc": 10,
  "proper": false,
  "race": "Humanoid",
  "reactions": [],
  "regional": [],
  "resistances": [],
  "saves": {
    "charismaSave": {
      "adv": null,
      "bonus": 0,
      "prof": 0,
      "value": 0,
    },
    "constitutionSave": {
      "adv": null,
      "bonus": 0,
      "prof": 0,
      "value": 0,
    },
    "dexteritySave": {
      "adv": null,
      "bonus": 0,
      "prof": 0,
      "value": 0,
    },
    "intelligenceSave": {
      "adv": null,
      "bonus": 0,
      "prof": 0,
      "value": 0,
    },
    "strengthSave": {
      "adv": null,
      "bonus": 0,
      "prof": 0,
      "value": 0,
    },
    "wisdomSave": {
      "adv": null,
      "bonus": 0,
      "prof": 0,
      "value": 0,
    },
  },
  "senses": "",
  "size": "Medium",
  "skills": {
    "acrobatics": {
      "adv": null,
      "bonus": 0,
      "prof": 0,
      "value": 0,
    },
    "animalHandling": {
      "adv": null,
      "bonus": 0,
      "prof": 0,
      "value": 0,
    },
    "arcana": {
      "adv": null,
      "bonus": 0,
      "prof": 0,
      "value": 0,
    },
    "athletics": {
      "adv": null,
      "bonus": 0,
      "prof": 0,
      "value": 0,
    },
    "charisma": {
      "adv": null,
      "bonus": 0,
      "prof": 0,
      "value": 0,
    },
    "constitution": {
      "adv": null,
      "bonus": 0,
      "prof": 0,
      "value": 0,
    },
    "deception": {
      "adv": null,
      "bonus": 0,
      "prof": 0,
      "value": 0,
    },
    "dexterity": {
      "adv": null,
      "bonus": 0,
      "prof": 0,
      "value": 0,
    },
    "history": {
      "adv": null,
      "bonus": 0,
      "prof": 0,
      "value": 0,
    },
    "initiative": {
      "adv": null,
      "bonus": 0,
      "prof": 0,
      "value": 0,
    },
    "insight": {
      "adv": null,
      "bonus": 0,
      "prof": 0,
      "value": 0,
    },
    "intelligence": {
      "adv": null,
      "bonus": 0,
      "prof": 0,
      "value": 0,
    },
    "intimidation": {
      "adv": null,
      "bonus": 0,
      "prof": 0,
      "value": 0,
    },
    "investigation": {
      "adv": null,
      "bonus": 0,
      "prof": 0,
      "value": 0,
    },
    "medicine": {
      "adv": null,
      "bonus": 0,
      "prof": 0,
      "value": 0,
    },
    "nature": {
      "adv": null,
      "bonus": 0,
      "prof": 0,
      "value": 0,
    },
    "perception": {
      "adv": null,
      "bonus": 0,
      "prof": 0,
      "value": 0,
    },
    "performance": {
      "adv": null,
      "bonus": 0,
      "prof": 0,
      "value": 0,
    },
    "persuasion": {
      "adv": null,
      "bonus": 0,
      "prof": 0,
      "value": 0,
    },
    "religion": {
      "adv": null,
      "bonus": 0,
      "prof": 0,
      "value": 0,
    },
    "sleightOfHand": {
      "adv": null,
      "bonus": 0,
      "prof": 0,
      "value": 0,
    },
    "stealth": {
      "adv": null,
      "bonus": 0,
      "prof": 0,
      "value": 0,
    },
    "strength": {
      "adv": null,
      "bonus": 0,
      "prof": 0,
      "value": 0,
    },
    "survival": {
      "adv": null,
      "bonus": 0,
      "prof": 0,
      "value": 0,
    },
    "wisdom": {
      "adv": null,
      "bonus": 0,
      "prof": 0,
      "value": 0,
    },
  },
  "speed": "30ft.",
  "spellcasting": {
    "caster_dc": 10,
    "caster_level": 0,
    "caster_mod": 0,
    "caster_sab": 2,
    "innate_dc": 10,
    "innate_mod": 0,
    "innate_sab": 2,
    "known_spells": {
      "at_will": [],
      "caster_spells": [],
      "daily_spells": {
        "1": [],
        "2": [],
        "3": [],
      },
    },
    "slots": {},
  },
  "traits": [],
  "vulnerabilities": [],
  "xp": 0,
}
`;
